step,signal,z_score,run_a_value,run_b_value,violation_type,consecutive_count
